# serializer version: 1
# name: test_01
  shape: (2, 1_026)
  ┌───────────────┬───────┬──────────┬───────────┬───┬───────────┬───────────┬──────────┬───────────┐
  │ text          ┆ group ┆ 0        ┆ 1         ┆ … ┆ 1020      ┆ 1021      ┆ 1022     ┆ 1023      │
  │ ---           ┆ ---   ┆ ---      ┆ ---       ┆   ┆ ---       ┆ ---       ┆ ---      ┆ ---       │
  │ str           ┆ i64   ┆ f64      ┆ f64       ┆   ┆ f64       ┆ f64       ┆ f64      ┆ f64       │
  ╞═══════════════╪═══════╪══════════╪═══════════╪═══╪═══════════╪═══════════╪══════════╪═══════════╡
  │ Sample text 1 ┆ 0     ┆ 0.036505 ┆ -0.026271 ┆ … ┆ -0.004697 ┆ -0.066844 ┆ 0.018421 ┆ -0.052074 │
  │ Sample text 2 ┆ 1     ┆ 0.033346 ┆ -0.030889 ┆ … ┆ -0.001532 ┆ -0.067521 ┆ 0.016831 ┆ -0.050024 │
  └───────────────┴───────┴──────────┴───────────┴───┴───────────┴───────────┴──────────┴───────────┘
# ---
# name: test_02
  shape: (2, 1_538)
  ┌──────────────┬───────┬───────────┬───────────┬───┬───────────┬───────────┬───────────┬───────────┐
  │ text         ┆ group ┆ 0         ┆ 1         ┆ … ┆ 1532      ┆ 1533      ┆ 1534      ┆ 1535      │
  │ ---          ┆ ---   ┆ ---       ┆ ---       ┆   ┆ ---       ┆ ---       ┆ ---       ┆ ---       │
  │ str          ┆ i64   ┆ f64       ┆ f64       ┆   ┆ f64       ┆ f64       ┆ f64       ┆ f64       │
  ╞══════════════╪═══════╪═══════════╪═══════════╪═══╪═══════════╪═══════════╪═══════════╪═══════════╡
  │ Sample text  ┆ 0     ┆ -0.001273 ┆ -0.00472  ┆ … ┆ -0.003565 ┆ -0.009776 ┆ -0.008117 ┆ -0.015726 │
  │ 1            ┆       ┆           ┆           ┆   ┆           ┆           ┆           ┆           │
  │ Sample text  ┆ 1     ┆ -0.013762 ┆ -0.009575 ┆ … ┆ -0.007207 ┆ -0.016137 ┆ -0.022951 ┆ -0.010946 │
  │ 2            ┆       ┆           ┆           ┆   ┆           ┆           ┆           ┆           │
  └──────────────┴───────┴───────────┴───────────┴───┴───────────┴───────────┴───────────┴───────────┘
# ---
